// Jest Snapshot v1, https://goo.gl/fbAQLP

exports[`ComparerDemo should find all discrepancies between game representations 1`] = `
[
  {
    "eventMeta": {
      "awayTeamId": "team2",
      "gameId": "game1",
      "homeTeamId": "team1",
    },
    "id": "d23c10c2-572e-4b1f-85e4-19c2632aebb9",
    "parentId": null,
    "propertyChange": {
      "change": {
        "op": "replace",
        "path": "/statistics/attendance",
        "value": 100,
      },
      "sourceValue": 10,
    },
    "subjectId": "game1",
    "subjectType": "GAME",
  },
  {
    "eventMeta": {
      "awayTeamId": "team2",
      "gameId": "game1",
      "homeTeamId": "team1",
    },
    "id": "898b75bb-297b-476b-b0b4-ceb48bbad928",
    "parentId": "game1",
    "propertyChange": {
      "change": {
        "op": "replace",
        "path": "/statistics/rushYdsGained",
        "value": 5,
      },
      "sourceValue": 50,
    },
    "subjectId": "team1",
    "subjectType": "TEAM",
  },
  {
    "eventMeta": {
      "awayTeamId": "team2",
      "gameId": "game1",
      "homeTeamId": "team1",
    },
    "id": "94287468-6111-4623-8e3f-e72d602bdd88",
    "parentId": "team1",
    "propertyChange": {
      "change": {
        "op": "replace",
        "path": "/statistics/recYards",
        "value": 40,
      },
      "sourceValue": 0,
    },
    "subjectId": "player1",
    "subjectType": "PLAYER",
  },
  {
    "eventMeta": {
      "awayTeamId": "team2",
      "gameId": "game1",
      "homeTeamId": "team1",
    },
    "id": "9fac5280-deec-46e9-a442-7e922a10f74f",
    "parentId": "game1",
    "propertyChange": {
      "change": {
        "op": "replace",
        "path": "/statistics/rushYdsGained",
        "value": 3,
      },
      "sourceValue": 34,
    },
    "subjectId": "team2",
    "subjectType": "TEAM",
  },
  {
    "eventMeta": {
      "awayTeamId": "team2",
      "gameId": "game1",
      "homeTeamId": "team1",
    },
    "id": "41be8835-2f7e-4b22-a856-023a7d5afefd",
    "parentId": "team2",
    "propertyChange": {
      "change": {
        "op": "replace",
        "path": "/statistics/rushYdsGained",
        "value": 8,
      },
      "sourceValue": 0,
    },
    "subjectId": "player1",
    "subjectType": "PLAYER",
  },
  {
    "eventMeta": {
      "awayTeamId": "team2",
      "gameId": "game1",
      "homeTeamId": "team1",
    },
    "id": "ddb89039-e380-4689-8fc8-9443664b7925",
    "parentId": "team2",
    "propertyChange": {
      "change": {
        "op": "replace",
        "path": "/statistics/rec",
        "value": 42,
      },
      "sourceValue": 432,
    },
    "subjectId": "player1",
    "subjectType": "PLAYER",
  },
]
`;
