// Jest Snapshot v1, https://goo.gl/fbAQLP

exports[`GamesServiceDemo should find discrepancies between source and target games repositories and insert them into discrepancies repository 1`] = `
[
  {
    "eventMeta": {
      "awayTeamId": "ba27615c-07df-41f0-864b-332575f744f2",
      "gameId": "15adf794-5630-4dc4-b0e7-f8d437b585b1",
      "homeTeamId": "344e408b-846e-44ac-b491-7802ab0f7af0",
    },
    "id": "8bda717a-56a0-4af2-be76-f0cfe3f936b5",
    "parentId": null,
    "propertyChange": {
      "change": {
        "op": "replace",
        "path": "/statistics/attendance",
        "value": 33876,
      },
      "sourceValue": 62487,
    },
    "subjectId": "15adf794-5630-4dc4-b0e7-f8d437b585b1",
    "subjectType": "GAME",
  },
  {
    "eventMeta": {
      "awayTeamId": "ba27615c-07df-41f0-864b-332575f744f2",
      "gameId": "15adf794-5630-4dc4-b0e7-f8d437b585b1",
      "homeTeamId": "344e408b-846e-44ac-b491-7802ab0f7af0",
    },
    "id": "64fb831f-2d07-4d6b-879c-b02e4539fac1",
    "parentId": "15adf794-5630-4dc4-b0e7-f8d437b585b1",
    "propertyChange": {
      "change": {
        "op": "replace",
        "path": "/statistics/rec",
        "value": 31,
      },
      "sourceValue": 257,
    },
    "subjectId": "344e408b-846e-44ac-b491-7802ab0f7af0",
    "subjectType": "TEAM",
  },
  {
    "eventMeta": {
      "awayTeamId": "ba27615c-07df-41f0-864b-332575f744f2",
      "gameId": "15adf794-5630-4dc4-b0e7-f8d437b585b1",
      "homeTeamId": "344e408b-846e-44ac-b491-7802ab0f7af0",
    },
    "id": "82307ab7-f222-42e5-be83-95e3e1eeb13b",
    "parentId": "15adf794-5630-4dc4-b0e7-f8d437b585b1",
    "propertyChange": {
      "change": {
        "op": "replace",
        "path": "/statistics/recYards",
        "value": 257,
      },
      "sourceValue": 31,
    },
    "subjectId": "344e408b-846e-44ac-b491-7802ab0f7af0",
    "subjectType": "TEAM",
  },
  {
    "eventMeta": {
      "awayTeamId": "ba27615c-07df-41f0-864b-332575f744f2",
      "gameId": "15adf794-5630-4dc4-b0e7-f8d437b585b1",
      "homeTeamId": "344e408b-846e-44ac-b491-7802ab0f7af0",
    },
    "id": "f3b630db-66de-4209-89a2-b54d476be342",
    "parentId": "15adf794-5630-4dc4-b0e7-f8d437b585b1",
    "propertyChange": {
      "change": {
        "op": "replace",
        "path": "/statistics/rushYdsGained",
        "value": 90,
      },
      "sourceValue": 78,
    },
    "subjectId": "344e408b-846e-44ac-b491-7802ab0f7af0",
    "subjectType": "TEAM",
  },
  {
    "eventMeta": {
      "awayTeamId": "ba27615c-07df-41f0-864b-332575f744f2",
      "gameId": "15adf794-5630-4dc4-b0e7-f8d437b585b1",
      "homeTeamId": "344e408b-846e-44ac-b491-7802ab0f7af0",
    },
    "id": "93449cb4-1756-4f9b-93d4-001a848d667a",
    "parentId": "344e408b-846e-44ac-b491-7802ab0f7af0",
    "propertyChange": {
      "change": {
        "op": "replace",
        "path": "/statistics/rec",
        "value": 1,
      },
      "sourceValue": 8,
    },
    "subjectId": "e5b67a2e-e0f7-4646-a343-c9bd0ae447f0",
    "subjectType": "PLAYER",
  },
  {
    "eventMeta": {
      "awayTeamId": "ba27615c-07df-41f0-864b-332575f744f2",
      "gameId": "15adf794-5630-4dc4-b0e7-f8d437b585b1",
      "homeTeamId": "344e408b-846e-44ac-b491-7802ab0f7af0",
    },
    "id": "f3ec05c6-61ca-479c-ad82-9f9b0f4e2d34",
    "parentId": "344e408b-846e-44ac-b491-7802ab0f7af0",
    "propertyChange": {
      "change": {
        "op": "replace",
        "path": "/statistics/recYards",
        "value": 4,
      },
      "sourceValue": 41,
    },
    "subjectId": "e5b67a2e-e0f7-4646-a343-c9bd0ae447f0",
    "subjectType": "PLAYER",
  },
  {
    "eventMeta": {
      "awayTeamId": "ba27615c-07df-41f0-864b-332575f744f2",
      "gameId": "15adf794-5630-4dc4-b0e7-f8d437b585b1",
      "homeTeamId": "344e408b-846e-44ac-b491-7802ab0f7af0",
    },
    "id": "94bd92c3-18cf-4e5f-98b9-137da6ebab61",
    "parentId": "344e408b-846e-44ac-b491-7802ab0f7af0",
    "propertyChange": {
      "change": {
        "op": "replace",
        "path": "/statistics/rushYdsGained",
        "value": -15,
      },
      "sourceValue": -9,
    },
    "subjectId": "c90711f2-5c4e-4f2e-8635-0d3f2336f581",
    "subjectType": "PLAYER",
  },
  {
    "eventMeta": {
      "awayTeamId": "ba27615c-07df-41f0-864b-332575f744f2",
      "gameId": "15adf794-5630-4dc4-b0e7-f8d437b585b1",
      "homeTeamId": "344e408b-846e-44ac-b491-7802ab0f7af0",
    },
    "id": "82187fca-1a48-4391-90cb-627f1f7199a2",
    "parentId": "344e408b-846e-44ac-b491-7802ab0f7af0",
    "propertyChange": {
      "change": {
        "op": "replace",
        "path": "/statistics/recYards",
        "value": 92,
      },
      "sourceValue": 88,
    },
    "subjectId": "713daff7-86cc-4283-91a8-1579c3f58f59",
    "subjectType": "PLAYER",
  },
  {
    "eventMeta": {
      "awayTeamId": "ba27615c-07df-41f0-864b-332575f744f2",
      "gameId": "15adf794-5630-4dc4-b0e7-f8d437b585b1",
      "homeTeamId": "344e408b-846e-44ac-b491-7802ab0f7af0",
    },
    "id": "1a51bf0a-56a5-4382-8e72-63a679f8b88d",
    "parentId": "15adf794-5630-4dc4-b0e7-f8d437b585b1",
    "propertyChange": {
      "change": {
        "op": "replace",
        "path": "/statistics/rec",
        "value": 27,
      },
      "sourceValue": 239,
    },
    "subjectId": "ba27615c-07df-41f0-864b-332575f744f2",
    "subjectType": "TEAM",
  },
  {
    "eventMeta": {
      "awayTeamId": "ba27615c-07df-41f0-864b-332575f744f2",
      "gameId": "15adf794-5630-4dc4-b0e7-f8d437b585b1",
      "homeTeamId": "344e408b-846e-44ac-b491-7802ab0f7af0",
    },
    "id": "ce2a2f8f-7f9f-431b-88a3-32db44d79bd8",
    "parentId": "15adf794-5630-4dc4-b0e7-f8d437b585b1",
    "propertyChange": {
      "change": {
        "op": "replace",
        "path": "/statistics/recYards",
        "value": 230,
      },
      "sourceValue": 27,
    },
    "subjectId": "ba27615c-07df-41f0-864b-332575f744f2",
    "subjectType": "TEAM",
  },
  {
    "eventMeta": {
      "awayTeamId": "ba27615c-07df-41f0-864b-332575f744f2",
      "gameId": "15adf794-5630-4dc4-b0e7-f8d437b585b1",
      "homeTeamId": "344e408b-846e-44ac-b491-7802ab0f7af0",
    },
    "id": "1c1606a1-01e8-4e24-ab19-be4c1f34ac0e",
    "parentId": "15adf794-5630-4dc4-b0e7-f8d437b585b1",
    "propertyChange": {
      "change": {
        "op": "replace",
        "path": "/statistics/rushYdsGained",
        "value": 105,
      },
      "sourceValue": 97,
    },
    "subjectId": "ba27615c-07df-41f0-864b-332575f744f2",
    "subjectType": "TEAM",
  },
  {
    "eventMeta": {
      "awayTeamId": "ba27615c-07df-41f0-864b-332575f744f2",
      "gameId": "15adf794-5630-4dc4-b0e7-f8d437b585b1",
      "homeTeamId": "344e408b-846e-44ac-b491-7802ab0f7af0",
    },
    "id": "8a053ad3-9c2b-40d4-bab9-736cce830f15",
    "parentId": "ba27615c-07df-41f0-864b-332575f744f2",
    "propertyChange": {
      "change": {
        "op": "replace",
        "path": "/statistics/rushYdsGained",
        "value": 73,
      },
      "sourceValue": 76,
    },
    "subjectId": "e11a2815-8f31-44b0-8c37-64240bcbc059",
    "subjectType": "PLAYER",
  },
  {
    "eventMeta": {
      "awayTeamId": "ba27615c-07df-41f0-864b-332575f744f2",
      "gameId": "15adf794-5630-4dc4-b0e7-f8d437b585b1",
      "homeTeamId": "344e408b-846e-44ac-b491-7802ab0f7af0",
    },
    "id": "659b623a-9590-43b8-9ad2-23f6ea0b4911",
    "parentId": "ba27615c-07df-41f0-864b-332575f744f2",
    "propertyChange": {
      "change": {
        "op": "replace",
        "path": "/statistics/rushTds",
        "value": 2,
      },
      "sourceValue": 1,
    },
    "subjectId": "e11a2815-8f31-44b0-8c37-64240bcbc059",
    "subjectType": "PLAYER",
  },
  {
    "eventMeta": {
      "awayTeamId": "ba27615c-07df-41f0-864b-332575f744f2",
      "gameId": "15adf794-5630-4dc4-b0e7-f8d437b585b1",
      "homeTeamId": "344e408b-846e-44ac-b491-7802ab0f7af0",
    },
    "id": "2decfe72-f0a0-402e-929f-f00beddae6b2",
    "parentId": "ba27615c-07df-41f0-864b-332575f744f2",
    "propertyChange": {
      "change": {
        "op": "replace",
        "path": "/statistics/recYards",
        "value": 47,
      },
      "sourceValue": 46,
    },
    "subjectId": "f94fb8a3-cd77-4064-bc65-447550b43622",
    "subjectType": "PLAYER",
  },
  {
    "eventMeta": {
      "awayTeamId": "ba27615c-07df-41f0-864b-332575f744f2",
      "gameId": "15adf794-5630-4dc4-b0e7-f8d437b585b1",
      "homeTeamId": "344e408b-846e-44ac-b491-7802ab0f7af0",
    },
    "id": "018ecbc6-f523-405f-b023-58072f87a8a2",
    "parentId": "ba27615c-07df-41f0-864b-332575f744f2",
    "propertyChange": {
      "change": {
        "op": "replace",
        "path": "/statistics/rec",
        "value": 9,
      },
      "sourceValue": 8,
    },
    "subjectId": "f94fb8a3-cd77-4064-bc65-447550b43622",
    "subjectType": "PLAYER",
  },
]
`;
